// Vitest Snapshot v1, https://vitest.dev/guide/snapshot.html

exports[`arrayBufferToHashHex > hashes an ArrayBuffer and returns a hex string 1`] = `"9f86d081884c7d659a2feaa0c55ad015a3bf4f1b2b0b822cd15d6c15b0f00a08"`;
